<?xml version="1.0" encoding="utf-8"?>
<TestRun id="1aebe54e-07fb-4a26-af5b-bceee8737112" name="Cemal@ASUSTOWER 2026-04-26 22:04:51" runUser="AsusTower\Cemal" xmlns="http://microsoft.com/schemas/VisualStudio/TeamTest/2010">
  <Times creation="2026-04-26T22:04:51.2361974+02:00" queuing="2026-04-26T22:04:51.2361979+02:00" start="2026-04-26T22:03:31.5414887+02:00" finish="2026-04-26T22:04:51.2713913+02:00" />
  <TestSettings name="default" id="c28dce50-bbc6-4cd4-a1de-883fb33040c4">
    <Deployment runDeploymentRoot="Cemal_ASUSTOWER_2026-04-26_22_04_51" />
  </TestSettings>
  <Results>
    <UnitTestResult executionId="5d7f7211-9e64-4d8c-b314-78e96b20580b" testId="5a03f87f-32e1-a861-386e-950dd0de8f28" testName="Romulus.Tests.Benchmark.BaselineRegressionGateTests.BenchmarkResults_NoRegressionVsBaseline" computerName="ASUSTOWER" duration="00:01:17.1566025" startTime="2026-04-26T22:03:33.9781705+02:00" endTime="2026-04-26T22:04:51.0656126+02:00" testType="13cdc9d9-ddb5-4fa4-a97d-d965ccfc6d4b" outcome="Failed" testListId="8c84fa94-04c1-424b-9868-57a2d4851a1d" relativeResultsDirectory="5d7f7211-9e64-4d8c-b314-78e96b20580b">
      <Output>
        <StdOut>Trend direction: improving (WrongSlope=-0.000928, UnsafeSlope=0.000000)&#xD;
Baseline metrics updated at C:\Code\Sortierung\benchmark\baselines\baseline-metrics.json&#xD;
WrongMatchRateDelta=0.001520&#xD;
UnsafeSortRateDelta=0.000000&#xD;
UnknownToWrongMigrationRate=0.017442</StdOut>
        <ErrorInfo>
          <Message>Wrong match rate regression: 0.152% &gt; 0.100% threshold</Message>
          <StackTrace>   at Romulus.Tests.Benchmark.BaselineRegressionGateTests.BenchmarkResults_NoRegressionVsBaseline() in C:\Code\Sortierung\src\Romulus.Tests\Benchmark\BaselineRegressionGateTests.cs:line 89&#xD;
   at System.Reflection.MethodBaseInvoker.InterpretedInvoke_Method(Object obj, IntPtr* args)&#xD;
   at System.Reflection.MethodBaseInvoker.InvokeWithNoArgs(Object obj, BindingFlags invokeAttr)</StackTrace>
        </ErrorInfo>
      </Output>
    </UnitTestResult>
  </Results>
  <TestDefinitions>
    <UnitTest name="Romulus.Tests.Benchmark.BaselineRegressionGateTests.BenchmarkResults_NoRegressionVsBaseline" storage="c:\code\sortierung\src\romulus.tests\bin\debug\net10.0-windows\romulus.tests.dll" id="5a03f87f-32e1-a861-386e-950dd0de8f28">
      <Execution id="5d7f7211-9e64-4d8c-b314-78e96b20580b" />
      <TestMethod codeBase="C:\Code\Sortierung\src\Romulus.Tests\bin\Debug\net10.0-windows\Romulus.Tests.dll" adapterTypeName="executor://xunit/VsTestRunner3/netcore/" className="Romulus.Tests.Benchmark.BaselineRegressionGateTests" name="BenchmarkResults_NoRegressionVsBaseline" />
    </UnitTest>
  </TestDefinitions>
  <TestEntries>
    <TestEntry testId="5a03f87f-32e1-a861-386e-950dd0de8f28" executionId="5d7f7211-9e64-4d8c-b314-78e96b20580b" testListId="8c84fa94-04c1-424b-9868-57a2d4851a1d" />
  </TestEntries>
  <TestLists>
    <TestList name="Ergebnisse nicht in einer Liste" id="8c84fa94-04c1-424b-9868-57a2d4851a1d" />
    <TestList name="Alle geladenen Ergebnisse" id="19431567-8539-422a-85d7-44ee4e166bda" />
  </TestLists>
  <ResultSummary outcome="Failed">
    <Counters total="1" executed="1" passed="0" failed="1" error="0" timeout="0" aborted="0" inconclusive="0" passedButRunAborted="0" notRunnable="0" notExecuted="0" disconnected="0" warning="0" completed="0" inProgress="0" pending="0" />
    <Output>
      <StdOut>[xUnit.net 00:00:00.00] xUnit.net VSTest Adapter v3.1.5+1b188a7b0a (64-bit .NET 10.0.7)&#xD;
[xUnit.net 00:00:00.26]   Discovering: Romulus.Tests&#xD;
[xUnit.net 00:00:01.15]   Discovered:  Romulus.Tests&#xD;
[xUnit.net 00:00:01.20]   Starting:    Romulus.Tests&#xD;
[xUnit.net 00:01:18.68]       Wrong match rate regression: 0.152% &gt; 0.100% threshold&#xD;
[xUnit.net 00:01:18.69]       Stack Trace:&#xD;
[xUnit.net 00:01:18.69]         C:\Code\Sortierung\src\Romulus.Tests\Benchmark\BaselineRegressionGateTests.cs(89,0): at Romulus.Tests.Benchmark.BaselineRegressionGateTests.BenchmarkResults_NoRegressionVsBaseline()&#xD;
[xUnit.net 00:01:18.69]            at System.Reflection.MethodBaseInvoker.InterpretedInvoke_Method(Object obj, IntPtr* args)&#xD;
[xUnit.net 00:01:18.69]            at System.Reflection.MethodBaseInvoker.InvokeWithNoArgs(Object obj, BindingFlags invokeAttr)&#xD;
[xUnit.net 00:01:18.69]       Output:&#xD;
[xUnit.net 00:01:18.69]         Trend direction: improving (WrongSlope=-0.000928, UnsafeSlope=0.000000)&#xD;
[xUnit.net 00:01:18.69]         Baseline metrics updated at C:\Code\Sortierung\benchmark\baselines\baseline-metrics.json&#xD;
[xUnit.net 00:01:18.69]         WrongMatchRateDelta=0.001520&#xD;
[xUnit.net 00:01:18.69]         UnsafeSortRateDelta=0.000000&#xD;
[xUnit.net 00:01:18.69]         UnknownToWrongMigrationRate=0.017442&#xD;
[xUnit.net 00:01:18.70]   Finished:    Romulus.Tests&#xD;
</StdOut>
    </Output>
    <RunInfos>
      <RunInfo computerName="ASUSTOWER" outcome="Error" timestamp="2026-04-26T22:04:51.0739332+02:00">
        <Text>[xUnit.net 00:01:18.68]     Romulus.Tests.Benchmark.BaselineRegressionGateTests.BenchmarkResults_NoRegressionVsBaseline [FAIL]</Text>
      </RunInfo>
    </RunInfos>
  </ResultSummary>
</TestRun>